test config:  {'MODEL': {'PRETRAIN_FILE': '/data/pretrained/mae_hivit_base_1600ep.pth', 'EXTRA_MERGER': False, 'RETURN_INTER': False, 'RETURN_STAGES': [], 'BACKBONE': {'TYPE': 'hivit_base', 'STRIDE': 16, 'MID_PE': False, 'SEP_SEG': False, 'CAT_MODE': 'direct', 'MERGE_LAYER': 0, 'ADD_CLS_TOKEN': True, 'TOKEN_LEN': 1, 'CLS_TOKEN_USE_MODE': 'ignore', 'ATTN_TYPE': 'concat', 'CE_LOC': [], 'CE_KEEP_RATIO': [], 'CE_TEMPLATE_RANGE': 'ALL'}, 'HEAD': {'TYPE': 'CENTER', 'NUM_CHANNELS': 256}}, 'TRAIN': {'LR': 0.0004, 'WEIGHT_DECAY': 0.0001, 'EPOCH': 300, 'LR_DROP_EPOCH': 240, 'BATCH_SIZE': 9, 'NUM_WORKER': 10, 'OPTIMIZER': 'ADAMW', 'BACKBONE_MULTIPLIER': 0.1, 'GIOU_WEIGHT': 2.0, 'L1_WEIGHT': 5.0, 'FREEZE_LAYERS': [0], 'PRINT_INTERVAL': 50, 'VAL_EPOCH_INTERVAL': 20, 'GRAD_CLIP_NORM': 0.1, 'AMP': False, 'BBOX_TASK': True, 'CE_START_EPOCH': 20, 'CE_WARM_EPOCH': 80, 'DROP_PATH_RATE': 0.1, 'SCHEDULER': {'TYPE': 'step', 'DECAY_RATE': 0.1}}, 'DATA': {'SAMPLER_MODE': 'causal', 'MEAN': [0.485, 0.456, 0.406], 'STD': [0.229, 0.224, 0.225], 'MAX_SAMPLE_INTERVAL': 400, 'TRAIN': {'DATASETS_NAME': ['GOT10K_vottrain', 'LASOT', 'COCO17', 'TRACKINGNET'], 'DATASETS_RATIO': [1, 1, 1, 1], 'SAMPLE_PER_EPOCH': 15000}, 'VAL': {'DATASETS_NAME': ['GOT10K_votval'], 'DATASETS_RATIO': [1], 'SAMPLE_PER_EPOCH': 2500}, 'SEARCH': {'SIZE': 256, 'FACTOR': 4.0, 'CENTER_JITTER': 3.5, 'SCALE_JITTER': 0.5, 'NUMBER': 2}, 'TEMPLATE': {'NUMBER': 3, 'SIZE': 128, 'FACTOR': 2.0, 'CENTER_JITTER': 0, 'SCALE_JITTER': 0}}, 'TEST': {'TEMPLATE_FACTOR': 2.0, 'TEMPLATE_SIZE': 128, 'TEMPLATE_NUMBER': 3, 'MEMORY_THRESHOLD': 1000, 'SEARCH_FACTOR': 4.0, 'SEARCH_SIZE': 256, 'EPOCH': 300}}
<lib.test.tracker.hivitr_time.HiviTTrack_Time object at 0x7f41e5910a30>
@@TRAX:hello "trax.name=" "trax.family=" "trax.image=path;" "trax.region=rectangle;" "trax.description=" "trax.version=4" "vot=python" "trax.channels=color;" 
@@TRAX:initialize "549.0000,249.0000,23.0000,57.0000" 
@@TRAX:frame "file:///data2/wangyujie/ODTrack/external/vot22/ODTrackSTB/sequences/agility/color/00000001.jpg" 
@@TRAX:state "549.0000,249.0000,23.0000,57.0000" 
@@TRAX:frame "file:///data2/wangyujie/ODTrack/external/vot22/ODTrackSTB/sequences/agility/color/00000002.jpg" 
Traceback (most recent call last):
  File "/home/guest/miniconda3/envs/Mamba-wyj/lib/python3.8/runpy.py", line 192, in _run_module_as_main
    return _run_code(code, main_globals, None,
  File "/home/guest/miniconda3/envs/Mamba-wyj/lib/python3.8/runpy.py", line 85, in _run_code
    exec(code, run_globals)
  File "/home/guest/wangyujie/ODTrack/lib/test/vot22/ODTrackSTB.py", line 8, in <module>
    run_vot_exp('hivitr_time', 'baseline_mste_tpe_full_16_18_20', vis=False)
  File "/home/guest/wangyujie/ODTrack/lib/test/vot22/../../../lib/test/vot22/stb_tracker.py", line 79, in run_vot_exp
    b1, m = tracker.track(image, f1_reg)
  File "/home/guest/wangyujie/ODTrack/lib/test/vot22/../../../lib/test/vot22/stb_tracker.py", line 34, in track
    outputs = self.tracker.track(img_rgb, f1_reg=f1_reg)
TypeError: track() got an unexpected keyword argument 'f1_reg'
@@TRAX:quit 
Process exited with code (1)
